# git — a git interface — generated colour and a graph in box characters
#
# 1155 bytes at 80x24. Regenerate with TETHER_BLESS=1.

── after 577 of 1155 bytes ──
80x24 · cursor (11,25) Block · alt off · appkeys off · bracketed off · mouse off · wrap on
viewport offset 0 of 0 history · title ""
 0 │$ cd repo
 1 │$ git -c color.ui=always log --graph --decorate --oneline --all
 2 │* 6b3699b (side) fix: bob was short a unit
   │··aaaaaaaaabbbba
 3 │* cf45cfc (HEAD -> main) feat: a third entry, and a name that is two columns wid
   │··aaaaaaaaaccccaaaabbbba
 4 │e
 5 │* 62466e7 feat: a ledger with two entries
   │··aaaaaaa
 6 │$ git -c color.ui=always diff --stat HEAD~1
 7 │ README.md  | 3 +++
   │················ddd
 8 │ ledger.txt | 4 +++-
   │················ddde
 9 │ 2 files changed, 6 insertions(+), 1 deletion(-)
10 │$ git -c color.ui=always diff HEAD~1
11 │diff --git a/README.md b/
   │fffffffffffffffffffffffff
12 │
13 │
14 │
15 │
16 │
17 │
18 │
19 │
20 │
21 │
22 │
23 │
    a = fg Yellow
    b = fg Green bold
    c = fg Cyan bold
    d = fg Green
    e = fg Red
    f = bold

── at the end ──
80x24 · cursor (23,0) Block · alt off · appkeys off · bracketed off · mouse off · wrap on
viewport offset 0 of 11 history · title ""
 0 │diff --git a/README.md b/README.md
   │aaaaaaaaaaaaaaaaaaaaaaaaaaaaaaaaaa
 1 │new file mode 100644
   │aaaaaaaaaaaaaaaaaaaa
 2 │index 0000000..7e909db
   │aaaaaaaaaaaaaaaaaaaaaa
 3 │--- /dev/null
   │aaaaaaaaaaaaa
 4 │+++ b/README.md
   │aaaaaaaaaaaaaaa
 5 │@@ -0,0 +1,3 @@
   │bbbbbbbbbbbbbbb
 6 │+# Ledger
   │ccccccccc
 7 │+
   │c
 8 │+An accounting of nothing in particular.
   │cccccccccccccccccccccccccccccccccccccccc
 9 │diff --git a/ledger.txt b/ledger.txt
   │aaaaaaaaaaaaaaaaaaaaaaaaaaaaaaaaaaaa
10 │index 9938411..16d39bd 100644
   │aaaaaaaaaaaaaaaaaaaaaaaaaaaaa
11 │--- a/ledger.txt
   │aaaaaaaaaaaaaaaa
12 │+++ b/ledger.txt
   │aaaaaaaaaaaaaaaa
13 │@@ -1,2 +1,4 @@
   │bbbbbbbbbbbbbbb
14 │-alice 10
   │ddddddddd
15 │+alice 12
   │ccccccccc
16 │ bob 20
17 │+carol 7
   │cccccccc
18 │+中文 3
   │ccccccc
19 │$ git -c color.ui=always status -sb
20 │## main
   │···cccc
21 │$ exit
22 │exit
23 │
    a = bold
    b = fg Cyan
    c = fg Green
    d = fg Red
